// Jest Snapshot v1, https://goo.gl/fbAQLP

exports[`FilmOverview component renders correctly 1`] = `
Array [
  <div
    className="movie-rating"
  >
    <div
      className="movie-rating__score"
    >
      10
    </div>
    <p
      className="movie-rating__meta"
    >
      <span
        className="movie-rating__level"
      >
        Awesome
      </span>
      <span
        className="movie-rating__count"
      >
        100000
         ratings
      </span>
    </p>
  </div>,
  <div
    className="movie-card__text"
  >
    <p>
      very interesting film
    </p>
    <p
      className="movie-card__director"
    >
      <strong>
        Director: 
        Steven Spielberg
      </strong>
    </p>
    <p
      className="movie-card__starring"
    >
      <strong>
        Starring: 
        Andrey Ivanov, Sergey Rubets
         and other
      </strong>
    </p>
  </div>,
]
`;
