// Jest Snapshot v1, https://goo.gl/fbAQLP

exports[`Preloader component renders correctly 1`] = `
<div
  className="player__preloader"
  style={
    Object {
      "left": "50%",
      "position": "absolute",
      "top": "50%",
      "transform": "translate(-50%, -50%)",
    }
  }
>
  <img
    alt="preload"
    height="50"
    src="/img/preloader.gif"
    width="50"
  />
</div>
`;
