// Jest Snapshot v1, https://goo.gl/fbAQLP

exports[`PageNotExistMessage component renders correctly 1`] = `
<h1>
  The requested page does not exist
</h1>
`;
