// Jest Snapshot v1, https://goo.gl/fbAQLP

exports[`Favorites component renders correctly 1`] = `
<div
  className="user-block"
>
  <div
    className="user-block__avatar"
  >
    <img
      alt="User avatar"
      height="63"
      src="https://es31-server.appspot.com"
      width="63"
    />
  </div>
</div>
`;
