// Jest Snapshot v1, https://goo.gl/fbAQLP

exports[`VideoPlayer component renders correctly 1`] = `
<video
  className="f"
  height="150"
  poster=""
  width="300"
>
  Your browser does not support the video tag.
</video>
`;
