// Jest Snapshot v1, https://goo.gl/fbAQLP

exports[`PageContent component renders correctly 1`] = `
<div
  className="page-content"
>
  <div />
</div>
`;
