// Jest Snapshot v1, https://goo.gl/fbAQLP

exports[`GenreTabs component renders correctly 1`] = `
<ul
  className="catalog__genres-list"
>
  <li
    className="catalog__genres-item "
    onClick={[Function]}
  >
    <a
      className="catalog__genres-link"
      href="#"
    >
      All genres
    </a>
  </li>
  <li
    className="catalog__genres-item "
    onClick={[Function]}
  >
    <a
      className="catalog__genres-link"
      href="#"
    >
      Crime
    </a>
  </li>
  <li
    className="catalog__genres-item "
    onClick={[Function]}
  >
    <a
      className="catalog__genres-link"
      href="#"
    >
      Thrillers
    </a>
  </li>
</ul>
`;
